[preview.colorlib.com/theme/ionize/index.html]
[backblue.gif]
[fade.gif]
[index.html]
[preview.colorlib.com/theme/ionize/css/open-iconic-bootstrap.min.css]
[preview.colorlib.com/theme/ionize/css/animate.css]
[preview.colorlib.com/theme/ionize/css/owl.carousel.min.css]
[preview.colorlib.com/theme/ionize/css/owl.theme.default.min.css]
[preview.colorlib.com/theme/ionize/css/magnific-popup.css]
[preview.colorlib.com/theme/ionize/css/aos.css]
[preview.colorlib.com/theme/ionize/css/ionicons.min.css]
[preview.colorlib.com/theme/ionize/css/bootstrap-datepicker.css]
[preview.colorlib.com/theme/ionize/css/flaticon.css]
[preview.colorlib.com/theme/ionize/css/icomoon.css]
[preview.colorlib.com/theme/ionize/css/style.css]
[preview.colorlib.com/theme/ionize/images/sidebar-bg.jpg]
[preview.colorlib.com/theme/ionize/index-2.html]
[preview.colorlib.com/theme/ionize/travel.html]
[preview.colorlib.com/theme/ionize/lifestyle.html]
[preview.colorlib.com/theme/ionize/about.html]
[preview.colorlib.com/theme/ionize/contact.html]
[preview.colorlib.com/theme/ionize/single.html]
[preview.colorlib.com/theme/ionize/images/image_1.jpg]
[preview.colorlib.com/theme/ionize/images/image_7.jpg]
[preview.colorlib.com/theme/ionize/images/image_8.jpg]
[preview.colorlib.com/theme/ionize/images/image_2.jpg]
[preview.colorlib.com/theme/ionize/images/image_3.jpg]
[preview.colorlib.com/theme/ionize/images/image_4.jpg]
[preview.colorlib.com/theme/ionize/images/image_5.jpg]
[preview.colorlib.com/theme/ionize/images/image_6.jpg]
[preview.colorlib.com/theme/ionize/js/jquery-migrate-3.0.1.min.js]
[preview.colorlib.com/theme/ionize/js/jquery.min.js]
[preview.colorlib.com/theme/ionize/js/popper.min.js]
[preview.colorlib.com/theme/ionize/js/bootstrap.min.js]
[preview.colorlib.com/theme/ionize/js/jquery.easing.1.3.js]
[preview.colorlib.com/theme/ionize/js/jquery.waypoints.min.js]
[preview.colorlib.com/theme/ionize/js/jquery.stellar.min.js]
[preview.colorlib.com/theme/ionize/js/owl.carousel.min.js]
[preview.colorlib.com/theme/ionize/js/jquery.magnific-popup.min.js]
[preview.colorlib.com/theme/ionize/js/aos.js]
[preview.colorlib.com/theme/ionize/js/jquery.animateNumber.min.js]
[preview.colorlib.com/theme/ionize/js/scrollax.min.js]
[preview.colorlib.com/theme/ionize/js/google-map.js]
[preview.colorlib.com/theme/ionize/index.html]
[preview.colorlib.com/theme/ionize/js/main.js]
[preview.colorlib.com/theme/ionize/fonts/open-iconic/open-iconic.eot]
[preview.colorlib.com/theme/ionize/fonts/open-iconic/open-iconicd41d.eot]
[preview.colorlib.com/theme/ionize/fonts/open-iconic/open-iconic.woff]
[preview.colorlib.com/theme/ionize/fonts/open-iconic/open-iconic.ttf]
[preview.colorlib.com/theme/ionize/fonts/open-iconic/open-iconic.otf]
[preview.colorlib.com/theme/ionize/css/open-iconic-bootstrap.min.css]
[preview.colorlib.com/theme/ionize/css/animate.css]
[preview.colorlib.com/theme/ionize/fonts/open-iconic/open-iconic.svg]
[preview.colorlib.com/theme/ionize/css/owl.video.play.png]
[preview.colorlib.com/theme/ionize/css/owl.carousel.min.css]
[preview.colorlib.com/theme/ionize/css/owl.theme.default.min.css]
[preview.colorlib.com/theme/ionize/css/magnific-popup.css]
[preview.colorlib.com/theme/ionize/css/aos.css]
[preview.colorlib.com/theme/ionize/fonts/ionicons/fonts/ionicons580c.eot]
[preview.colorlib.com/theme/ionize/fonts/ionicons/fonts/ionicons580c.woff2]
[preview.colorlib.com/theme/ionize/fonts/ionicons/fonts/ionicons580c.woff]
[preview.colorlib.com/theme/ionize/fonts/ionicons/fonts/ionicons580c.ttf]
[preview.colorlib.com/theme/ionize/css/ionicons.min.css]
[preview.colorlib.com/theme/ionize/css/bootstrap-datepicker.css]
[preview.colorlib.com/theme/ionize/css/jquery.timepicker.css]
[preview.colorlib.com/theme/ionize/fonts/flaticon/font/Flaticon.eot]
[preview.colorlib.com/theme/ionize/fonts/ionicons/fonts/ionicons580c.svg]
[preview.colorlib.com/theme/ionize/fonts/flaticon/font/Flaticond41d.eot]
[preview.colorlib.com/theme/ionize/fonts/flaticon/font/Flaticon.woff]
[preview.colorlib.com/theme/ionize/fonts/flaticon/font/Flaticon.ttf]
[preview.colorlib.com/theme/ionize/css/flaticon.css]
[preview.colorlib.com/theme/ionize/fonts/flaticon/font/Flaticon.svg]
[preview.colorlib.com/theme/ionize/fonts/icomoon/icomoonccfb.eot]
[preview.colorlib.com/theme/ionize/fonts/icomoon/icomoonccfb.woff]
[preview.colorlib.com/theme/ionize/css/icomoon.css]
[preview.colorlib.com/theme/ionize/css/style.css]
[preview.colorlib.com/cdn-cgi/zaraz/sd0d9.js]
[preview.colorlib.com/theme/ionize/index-2.html]
[preview.colorlib.com/theme/ionize/fonts/icomoon/icomoonccfb.svg]
[preview.colorlib.com/theme/ionize/images/person_1.jpg]
[preview.colorlib.com/theme/ionize/fonts/icomoon/icomoonccfb.ttf]
[preview.colorlib.com/theme/ionize/images/image_9.jpg]
[preview.colorlib.com/theme/ionize/travel.html]
[preview.colorlib.com/theme/ionize/images/image_10.jpg]
[preview.colorlib.com/theme/ionize/images/image_11.jpg]
[preview.colorlib.com/theme/ionize/lifestyle.html]
[preview.colorlib.com/theme/ionize/images/about-1.jpg]
[preview.colorlib.com/theme/ionize/images/about-2.jpg]
[preview.colorlib.com/theme/ionize/about.html]
[preview.colorlib.com/theme/ionize/contact.html]
[preview.colorlib.com/cdn-cgi/scripts/5c5dd728/cloudflare-static/email-decode.min.js]
[preview.colorlib.com/theme/ionize/images/bg_1.jpg]
[preview.colorlib.com/theme/ionize/single.html]
[preview.colorlib.com/theme/ionize/fonts/open-iconic/open-iconic.svg]
[preview.colorlib.com/theme/ionize/css/owl.video.play.html]
[preview.colorlib.com/theme/ionize/fonts/ionicons/fonts/ionicons580c.svg]
[preview.colorlib.com/theme/ionize/fonts/flaticon/font/Flaticon.svg]
[preview.colorlib.com/theme/ionize/fonts/icomoon/icomoonccfb.svg]
